[INFO] Scanning for projects...
[INFO] 
[INFO] -------------------------< com.pg:pg-backend >--------------------------
[INFO] Building pg-backend 0.0.1-SNAPSHOT
[INFO]   from pom.xml
[INFO] --------------------------------[ jar ]---------------------------------
[INFO] 
[INFO] --- resources:3.3.1:resources (default-resources) @ pg-backend ---
[INFO] Copying 1 resource from src\main\resources to target\classes
[INFO] Copying 0 resource from src\main\resources to target\classes
[INFO] 
[INFO] --- compiler:3.14.1:compile (default-compile) @ pg-backend ---
[INFO] Recompiling the module because of changed source code.
[INFO] Compiling 93 source files with javac [debug parameters release 17] to target\classes
[INFO] /C:/Users/vivek/OneDrive/Desktop/HMS/pg-backend/src/main/java/com/pg/security/SecurityConfig.java: C:\Users\vivek\OneDrive\Desktop\HMS\pg-backend\src\main\java\com\pg\security\SecurityConfig.java uses or overrides a deprecated API.
[INFO] /C:/Users/vivek/OneDrive/Desktop/HMS/pg-backend/src/main/java/com/pg/security/SecurityConfig.java: Recompile with -Xlint:deprecation for details.
[INFO] -------------------------------------------------------------
[ERROR] COMPILATION ERROR : 
[INFO] -------------------------------------------------------------
[ERROR] /C:/Users/vivek/OneDrive/Desktop/HMS/pg-backend/src/main/java/com/pg/service/AdminService.java:[116,36] cannot find symbol
  symbol:   method getRoomNumber()
  location: variable request of type com.pg.dto.request.CreateRoomRequest
[INFO] 1 error
[INFO] -------------------------------------------------------------
[INFO] ------------------------------------------------------------------------
[INFO] BUILD FAILURE
[INFO] ------------------------------------------------------------------------
[INFO] Total time:  7.707 s
[INFO] Finished at: 2026-03-08T15:13:12+05:30
[INFO] ------------------------------------------------------------------------
[ERROR] Failed to execute goal org.apache.maven.plugins:maven-compiler-plugin:3.14.1:compile (default-compile) on project pg-backend: Compilation failure
[ERROR] /C:/Users/vivek/OneDrive/Desktop/HMS/pg-backend/src/main/java/com/pg/service/AdminService.java:[116,36] cannot find symbol
[ERROR]   symbol:   method getRoomNumber()
[ERROR]   location: variable request of type com.pg.dto.request.CreateRoomRequest
[ERROR] 
[ERROR] -> [Help 1]
[ERROR] 
[ERROR] To see the full stack trace of the errors, re-run Maven with the -e switch.
[ERROR] Re-run Maven using the -X switch to enable full debug logging.
[ERROR] 
[ERROR] For more information about the errors and possible solutions, please read the following articles:
[ERROR] [Help 1] http://cwiki.apache.org/confluence/display/MAVEN/MojoFailureException
